Finalmente pasamos los ficheros a escena (staging area)

$ git add .
$ git status

# On branch master
#
# Initial commit
#
# Changes to be committed:
#   (use "git rm --cached <file>..." to unstage)
#
#	new file:   README.md
#	new file:   sesion1.txt
#	new file:   sesion2.txt
#
# Untracked files:
#   (use "git add <file>..." to include in what will be committed)
#
#	sesion3.txt

$ git commit
[master (root-commit) e8273c7] Tras el commit inicial, confirmar las sesiones 1 y 2 Dejar pendiente (unstaged) la sesion 3
 3 files changed, 136 insertions(+)
 create mode 100644 README.md
 create mode 100644 sesion1.txt
 create mode 100644 sesion2.txt

